Starting Playwright E2E Dashboards Test in TypeScript...

--- Testing Citizen ---
Registering...
Logging in as cit_1775221534086@test.com...

--- Testing Volunteer ---
Registering...
Logging in as vol_1775221570913@test.com...

--- Testing NGO ---
Registering...

================ RESULTS ================
Γ¥î Found 3 errors:
[Citizen] Execution Error: page.fill: Timeout 30000ms exceeded.
Call log:
[2m  - waiting for locator('input[type="email"]')[22m

[Volunteer] Execution Error: page.fill: Timeout 30000ms exceeded.
Call log:
[2m  - waiting for locator('input[type="email"]')[22m

[NGO] Execution Error: page.click: Timeout 30000ms exceeded.
Call log:
[2m  - waiting for locator('button[type="submit"]')[22m
[2m    - locator resolved to <button disabled type="submit" _ngcontent-ng-c2223591094="" class="btn btn-success w-100 btn-lg rounded-pill fw-bold shadow-sm"> Create Account </button>[22m
[2m  - attempting click action[22m
[2m    2 ├ù waiting for element to be visible, enabled and stable[22m
[2m      - element is not stable[22m
[2m    - retrying click action[22m
[2m    - waiting 20ms[22m
[2m    2 ├ù waiting for element to be visible, enabled and stable[22m
[2m      - element is not stable[22m
[2m    - retrying click action[22m
[2m      - waiting 100ms[22m
[2m    58 ├ù waiting for element to be visible, enabled and stable[22m
[2m       - element is not enabled[22m
[2m     - retrying click action[22m
[2m       - waiting 500ms[22m

